// Jest Snapshot v1, https://goo.gl/fbAQLP

exports[`decode "66魔77神転生2.CT" = "66\\351\\255\\22477\\347\\245\\236\\350\\273\\242\\347\\224\\2372.CT" 1`] = `""66魔77神転生2.CT""`;

exports[`decode  = \\177 1`] = `""`;

exports[`decode . = \\177. 1`] = `"."`;

exports[`decode 2 = 2\\177 1`] = `"2"`;

exports[`decode 66魔77神転生2.CT = 66\\351\\255\\22477\\347\\245\\236\\350\\273\\242\\347\\224\\2372.CT 1`] = `"66魔77神転生2.CT"`;

exports[`decode 999 { }  ' ~.TXT = 999 { }  ' ~.TXT 1`] = `"999 { }  ' ~.TXT"`;

exports[`decode 999 新文字文件.TXT = 999 \\346\\226\\260\\346\\226\\207\\345\\255\\227\\346\\226\\207\\177\\344\\273\\266.TXT 1`] = `"999 新文字文件.TXT"`;

exports[`decode 999 浅谈 JS ＡＢ 对象之扩展.TXT = 999 \\346\\265\\205\\350\\260\\210 JS \\357\\274\\241\\357\\274\\242 \\345\\257\\271\\350\\261\\241\\344\\271\\213\\346\\211\\251\\345\\261\\225.TXT 1`] = `"999 浅谈 JS ＡＢ 对象之扩展.TXT"`;

exports[`decode  = \\302\\201 1`] = `""`;

exports[`decode 魔神転生 = \\302\\201\\351\\255\\224\\347\\245\\236\\350\\273\\242\\347\\224\\237 1`] = `"魔神転生"`;

exports[`decode ☺ = \\342\\230\\272 1`] = `"☺"`;

exports[`decode 魔神転生 = \\351\\255\\224\\347\\245\\236\\350\\273\\242\\347\\224\\237 1`] = `"魔神転生"`;

exports[`decode 魔神転生2.CT = \\351\\255\\224\\347\\245\\236\\350\\273\\242\\347\\224\\2372.CT 1`] = `"魔神転生2.CT"`;

exports[`decode 魔神転生 = \\351\\255\\224\\347\\245\\236\\350\\273\\242\\347\\224\\237\\302\\201 1`] = `"魔神転生"`;

exports[`decode2  = "\\177" 1`] = `""`;

exports[`decode2  = '\\177' 1`] = `""`;

exports[`decode2 . = "\\177." 1`] = `"."`;

exports[`decode2 . = '\\177.' 1`] = `"."`;

exports[`decode2 2 = "2\\177" 1`] = `"2"`;

exports[`decode2 2 = '2\\177' 1`] = `"2"`;

exports[`decode2 66魔77神転生2.CT = "66\\351\\255\\22477\\347\\245\\236\\350\\273\\242\\347\\224\\2372.CT" 1`] = `"66魔77神転生2.CT"`;

exports[`decode2 66魔77神転生2.CT = "66\\351\\255\\22477\\347\\245\\236\\350\\273\\242\\347\\224\\2372.CT" 2`] = `"66魔77神転生2.CT"`;

exports[`decode2 66魔77神転生2.CT = "66\\351\\255\\22477\\347\\245\\236\\350\\273\\242\\347\\224\\2372.CT" 3`] = `"66魔77神転生2.CT"`;

exports[`decode2 66魔77神転生2.CT = '66\\351\\255\\22477\\347\\245\\236\\350\\273\\242\\347\\224\\2372.CT' 1`] = `"66魔77神転生2.CT"`;

exports[`decode2 999 { }  ' ~.TXT = "999 { }  ' ~.TXT" 1`] = `"999 { }  ' ~.TXT"`;

exports[`decode2 999 { }  ' ~.TXT = '999 { }  ' ~.TXT' 1`] = `"999 { }  ' ~.TXT"`;

exports[`decode2 999 新文字文件.TXT = "999 \\346\\226\\260\\346\\226\\207\\345\\255\\227\\346\\226\\207\\177\\344\\273\\266.TXT" 1`] = `"999 新文字文件.TXT"`;

exports[`decode2 999 新文字文件.TXT = '999 \\346\\226\\260\\346\\226\\207\\345\\255\\227\\346\\226\\207\\177\\344\\273\\266.TXT' 1`] = `"999 新文字文件.TXT"`;

exports[`decode2 999 浅谈 JS ＡＢ 对象之扩展.TXT = "999 \\346\\265\\205\\350\\260\\210 JS \\357\\274\\241\\357\\274\\242 \\345\\257\\271\\350\\261\\241\\344\\271\\213\\346\\211\\251\\345\\261\\225.TXT" 1`] = `"999 浅谈 JS ＡＢ 对象之扩展.TXT"`;

exports[`decode2 999 浅谈 JS ＡＢ 对象之扩展.TXT = '999 \\346\\265\\205\\350\\260\\210 JS \\357\\274\\241\\357\\274\\242 \\345\\257\\271\\350\\261\\241\\344\\271\\213\\346\\211\\251\\345\\261\\225.TXT' 1`] = `"999 浅谈 JS ＡＢ 对象之扩展.TXT"`;

exports[`decode2  = "\\302\\201" 1`] = `""`;

exports[`decode2  = '\\302\\201' 1`] = `""`;

exports[`decode2 魔神転生 = "\\302\\201\\351\\255\\224\\347\\245\\236\\350\\273\\242\\347\\224\\237" 1`] = `"魔神転生"`;

exports[`decode2 魔神転生 = '\\302\\201\\351\\255\\224\\347\\245\\236\\350\\273\\242\\347\\224\\237' 1`] = `"魔神転生"`;

exports[`decode2 ☺ = "\\342\\230\\272" 1`] = `"☺"`;

exports[`decode2 ☺ = '\\342\\230\\272' 1`] = `"☺"`;

exports[`decode2 魔神転生 = "\\351\\255\\224\\347\\245\\236\\350\\273\\242\\347\\224\\237" 1`] = `"魔神転生"`;

exports[`decode2 魔神転生 = '\\351\\255\\224\\347\\245\\236\\350\\273\\242\\347\\224\\237' 1`] = `"魔神転生"`;

exports[`decode2 魔神転生2.CT = "\\351\\255\\224\\347\\245\\236\\350\\273\\242\\347\\224\\2372.CT" 1`] = `"魔神転生2.CT"`;

exports[`decode2 魔神転生2.CT = '\\351\\255\\224\\347\\245\\236\\350\\273\\242\\347\\224\\2372.CT' 1`] = `"魔神転生2.CT"`;

exports[`decode2 魔神転生 = "\\351\\255\\224\\347\\245\\236\\350\\273\\242\\347\\224\\237\\302\\201" 1`] = `"魔神転生"`;

exports[`decode2 魔神転生 = '\\351\\255\\224\\347\\245\\236\\350\\273\\242\\347\\224\\237\\302\\201' 1`] = `"魔神転生"`;

exports[`encode "66魔77神転生2.CT" = "66\\351\\255\\22477\\347\\245\\236\\350\\273\\242\\347\\224\\2372.CT" 1`] = `""66\\351\\255\\22477\\347\\245\\236\\350\\273\\242\\347\\224\\2372.CT""`;

exports[`encode  = \\177 1`] = `"\\177"`;

exports[`encode . = \\177. 1`] = `"\\177."`;

exports[`encode 2 = 2\\177 1`] = `"2\\177"`;

exports[`encode 66魔77神転生2.CT = 66\\351\\255\\22477\\347\\245\\236\\350\\273\\242\\347\\224\\2372.CT 1`] = `"66\\351\\255\\22477\\347\\245\\236\\350\\273\\242\\347\\224\\2372.CT"`;

exports[`encode 999 { }  ' ~.TXT = 999 { }  ' ~.TXT 1`] = `"999 { }  ' ~.TXT"`;

exports[`encode 999 新文字文件.TXT = 999 \\346\\226\\260\\346\\226\\207\\345\\255\\227\\346\\226\\207\\177\\344\\273\\266.TXT 1`] = `"999 \\346\\226\\260\\346\\226\\207\\345\\255\\227\\346\\226\\207\\177\\344\\273\\266.TXT"`;

exports[`encode 999 浅谈 JS ＡＢ 对象之扩展.TXT = 999 \\346\\265\\205\\350\\260\\210 JS \\357\\274\\241\\357\\274\\242 \\345\\257\\271\\350\\261\\241\\344\\271\\213\\346\\211\\251\\345\\261\\225.TXT 1`] = `"999 \\346\\265\\205\\350\\260\\210 JS \\357\\274\\241\\357\\274\\242 \\345\\257\\271\\350\\261\\241\\344\\271\\213\\346\\211\\251\\345\\261\\225.TXT"`;

exports[`encode  = \\302\\201 1`] = `"\\302\\201"`;

exports[`encode 魔神転生 = \\302\\201\\351\\255\\224\\347\\245\\236\\350\\273\\242\\347\\224\\237 1`] = `"\\302\\201\\351\\255\\224\\347\\245\\236\\350\\273\\242\\347\\224\\237"`;

exports[`encode ☺ = \\342\\230\\272 1`] = `"\\342\\230\\272"`;

exports[`encode 魔神転生 = \\351\\255\\224\\347\\245\\236\\350\\273\\242\\347\\224\\237 1`] = `"\\351\\255\\224\\347\\245\\236\\350\\273\\242\\347\\224\\237"`;

exports[`encode 魔神転生2.CT = \\351\\255\\224\\347\\245\\236\\350\\273\\242\\347\\224\\2372.CT 1`] = `"\\351\\255\\224\\347\\245\\236\\350\\273\\242\\347\\224\\2372.CT"`;

exports[`encode 魔神転生 = \\351\\255\\224\\347\\245\\236\\350\\273\\242\\347\\224\\237\\302\\201 1`] = `"\\351\\255\\224\\347\\245\\236\\350\\273\\242\\347\\224\\237\\302\\201"`;
